
> diablo4-companion@1.12.0 test
> npm run test:unit


> diablo4-companion@1.12.0 test:unit
> vitest run test/unit --reporter=verbose


[1m[46m RUN [49m[22m [36mv4.1.0 [39m[90mC:/Users/Chris Lawrence/OneDrive/Desktop/AI_Installs/Antigravity_Projects/diablo4_companion[39m

[90mstdout[2m | test/unit/main/AutoUpdateService.test.ts[2m > [22m[2mAutoUpdateService[2m > [22m[2mshould call checkForUpdates on autoUpdater
[22m[39m[AutoUpdate] Current version: v1.0.0

[90mstdout[2m | test/unit/main/AutoUpdateService.test.ts[2m > [22m[2mAutoUpdateService[2m > [22m[2mshould not throw when checkForUpdates fails
[22m[39m[AutoUpdate] Current version: v1.0.0

node.exe : [90mstderr[2m | test/unit/main/AutoUpdateService.test.ts[2m > [22m[2mAutoUpdateService[2m > [22m[2mshould not 
throw when checkForUpdates fails
At line:1 char:1
+ & "C:\Program Files\nodejs/node.exe" "C:\Program Files\nodejs/node_mo ...
+ ~~~~~~~~~~~~~~~~~~~~~~~~~~~~~~~~~~~~~~~~~~~~~~~~~~~~~~~~~~~~~~~~~~~~~
    + CategoryInfo          : NotSpecified: ([90mstderr[2m...orUpdates fails:String) [], RemoteException
    + FullyQualifiedErrorId : NativeCommandError
 
[22m[39m[AutoUpdate] Check failed: Error: Network error
    at C:/Users/Chris 
Lawrence/OneDrive/Desktop/AI_Installs/Antigravity_Projects/diablo4_companion/test/unit/main/AutoUpdateService.test.ts:74:55
    at [90mfile:///C:/Users/Chris%20Lawrence/OneDrive/Desktop/AI_Installs/Antigravity_Projects/diablo4_companion/[39mnode_modules
/[4m@vitest[24m/runner/dist/index.js:296:11
    at [90mfile:///C:/Users/Chris%20Lawrence/OneDrive/Desktop/AI_Installs/Antigravity_Projects/diablo4_companion/[39mnode_modules
/[4m@vitest[24m/runner/dist/index.js:1258:26
    at [90mfile:///C:/Users/Chris%20Lawrence/OneDrive/Desktop/AI_Installs/Antigravity_Projects/diablo4_companion/[39mnode_modules
/[4m@vitest[24m/runner/dist/index.js:1681:20
    at new Promise (<anonymous>)
    at runWithCancel [90m(file:///C:/Users/Chris%20Lawrence/OneDrive/Desktop/AI_Installs/Antigravity_Projects/diablo4_companion/[
39mnode_modules/[4m@vitest[24m/runner/dist/index.js:1678:10[90m)[39m
    at [90mfile:///C:/Users/Chris%20Lawrence/OneDrive/Desktop/AI_Installs/Antigravity_Projects/diablo4_companion/[39mnode_modules
/[4m@vitest[24m/runner/dist/index.js:1660:20
    at new Promise (<anonymous>)
    at runWithTimeout [90m(file:///C:/Users/Chris%20Lawrence/OneDrive/Desktop/AI_Installs/Antigravity_Projects/diablo4_companion/
[39mnode_modules/[4m@vitest[24m/runner/dist/index.js:1627:10[90m)[39m
    at [90mfile:///C:/Users/Chris%20Lawrence/OneDrive/Desktop/AI_Installs/Antigravity_Projects/diablo4_companion/[39mnode_modules
/[4m@vitest[24m/runner/dist/index.js:2309:64

[90mstderr[2m | test/unit/main/AutoUpdateService.test.ts[2m > [22m[2mAutoUpdateService[2m > [22m[2mshould rethrow when 
downloadUpdate fails
[22m[39m[AutoUpdate] Download failed: Error: Download failed
    at C:/Users/Chris 
Lawrence/OneDrive/Desktop/AI_Installs/Antigravity_Projects/diablo4_companion/test/unit/main/AutoUpdateService.test.ts:84:54
    at [90mfile:///C:/Users/Chris%20Lawrence/OneDrive/Desktop/AI_Installs/Antigravity_Projects/diablo4_companion/[39mnode_modules
/[4m@vitest[24m/runner/dist/index.js:296:11
    at [90mfile:///C:/Users/Chris%20Lawrence/OneDrive/Desktop/AI_Installs/Antigravity_Projects/diablo4_companion/[39mnode_modules
/[4m@vitest[24m/runner/dist/index.js:1258:26
    at [90mfile:///C:/Users/Chris%20Lawrence/OneDrive/Desktop/AI_Installs/Antigravity_Projects/diablo4_companion/[39mnode_modules
/[4m@vitest[24m/runner/dist/index.js:1681:20
    at new Promise (<anonymous>)
    at runWithCancel [90m(file:///C:/Users/Chris%20Lawrence/OneDrive/Desktop/AI_Installs/Antigravity_Projects/diablo4_companion/[
39mnode_modules/[4m@vitest[24m/runner/dist/index.js:1678:10[90m)[39m
    at [90mfile:///C:/Users/Chris%20Lawrence/OneDrive/Desktop/AI_Installs/Antigravity_Projects/diablo4_companion/[39mnode_modules
/[4m@vitest[24m/runner/dist/index.js:1660:20
    at new Promise (<anonymous>)
    at runWithTimeout [90m(file:///C:/Users/Chris%20Lawrence/OneDrive/Desktop/AI_Installs/Antigravity_Projects/diablo4_companion/
[39mnode_modules/[4m@vitest[24m/runner/dist/index.js:1627:10[90m)[39m
    at [90mfile:///C:/Users/Chris%20Lawrence/OneDrive/Desktop/AI_Installs/Antigravity_Projects/diablo4_companion/[39mnode_modules
/[4m@vitest[24m/runner/dist/index.js:2309:64

[90mstdout[2m | test/unit/main/AutoUpdateService.test.ts[2m > [22m[2mAutoUpdateService[2m > [22m[2mshould send update-available to renderer when update is found
[22m[39m[AutoUpdate] Update available: v2.0.0

[90mstdout[2m | test/unit/main/AutoUpdateService.test.ts[2m > [22m[2mAutoUpdateService[2m > [22m[2mshould send update-downloaded to renderer when download completes
[22m[39m[AutoUpdate] Update downloaded: v2.0.0

[90mstdout[2m | test/unit/main/AutoUpdateService.test.ts[2m > [22m[2mAutoUpdateService[2m > [22m[2mshould send download progress to renderer
[22m[39m[AutoUpdate] Download: 50.5% (50.0 / 100.0 MB)

 [32mΓ£ô[39m test/unit/main/AutoUpdateService.test.ts[2m > [22mAutoUpdateService[2m > [22mshould configure autoUpdater on construction[32m 1[2mms[22m[39m
 [32mΓ£ô[39m test/unit/main/AutoUpdateService.test.ts[2m > [22mAutoUpdateService[2m > [22mshould register event listeners on construction[32m 1[2mms[22m[39m
 [32mΓ£ô[39m test/unit/main/AutoUpdateService.test.ts[2m > [22mAutoUpdateService[2m > [22mshould call checkForUpdates on autoUpdater[32m 1[2mms[22m[39m
 [32mΓ£ô[39m test/unit/main/AutoUpdateService.test.ts[2m > [22mAutoUpdateService[2m > [22mshould not throw when checkForUpdates fails[32m 3[2mms[22m[39m
 [32mΓ£ô[39m test/unit/main/AutoUpdateService.test.ts[2m > [22mAutoUpdateService[2m > [22mshould call downloadUpdate on autoUpdater[32m 0[2mms[22m[39m
 [32mΓ£ô[39m test/unit/main/AutoUpdateService.test.ts[2m > [22mAutoUpdateService[2m > [22mshould rethrow when downloadUpdate fails[32m 1[2mms[22m[39m
 [32mΓ£ô[39m test/unit/main/AutoUpdateService.test.ts[2m > [22mAutoUpdateService[2m > [22mshould call quitAndInstall on installUpdate[32m 0[2mms[22m[39m
 [32mΓ£ô[39m test/unit/main/AutoUpdateService.test.ts[2m > [22mAutoUpdateService[2m > [22mshould send update-available to renderer when update is found[32m 1[2mms[22m[39m
 [32mΓ£ô[39m test/unit/main/AutoUpdateService.test.ts[2m > [22mAutoUpdateService[2m > [22mshould send update-downloaded to renderer when download completes[32m 1[2mms[22m[39m
 [32mΓ£ô[39m test/unit/main/AutoUpdateService.test.ts[2m > [22mAutoUpdateService[2m > [22mshould send download progress to renderer[32m 1[2mms[22m[39m
 [32mΓ£ô[39m test/unit/main/GearParser.ga.test.ts[2m > [22msanitizeGreaterAffix[2m > [22mshould detect GA markers[2m > [22mdetects Γ£ª (diamond star) at start[32m 2[2mms[22m[39m
 [32mΓ£ô[39m test/unit/main/GearParser.ga.test.ts[2m > [22msanitizeGreaterAffix[2m > [22mshould detect GA markers[2m > [22mdetects Γ£ª between + and value[32m 0[2mms[22m[39m
 [32mΓ£ô[39m test/unit/main/GearParser.ga.test.ts[2m > [22msanitizeGreaterAffix[2m > [22mshould detect GA markers[2m > [22mdetects * (asterisk) merged into value[32m 0[2mms[22m[39m
 [32mΓ£ô[39m test/unit/main/GearParser.ga.test.ts[2m > [22msanitizeGreaterAffix[2m > [22mshould detect GA markers[2m > [22mdetects ΓÖª (black diamond) before percentage[32m 0[2mms[22m[39m
 [32mΓ£ô[39m test/unit/main/GearParser.ga.test.ts[2m > [22msanitizeGreaterAffix[2m > [22mshould detect GA markers[2m > [22mdetects Γ£º (open star) before multiplicative prefix[32m 0[2mms[22m[39m
 [32mΓ£ô[39m test/unit/main/GearParser.ga.test.ts[2m > [22msanitizeGreaterAffix[2m > [22mshould detect GA markers[2m > [22mdetects Γÿà (filled star)[32m 0[2mms[22m[39m
 [32mΓ£ô[39m test/unit/main/GearParser.ga.test.ts[2m > [22msanitizeGreaterAffix[2m > [22mshould detect GA markers[2m > [22mdetects Γÿå (outlined star)[32m 0[2mms[22m[39m
 [32mΓ£ô[39m test/unit/main/GearParser.ga.test.ts[2m > [22msanitizeGreaterAffix[2m > [22mshould detect GA markers[2m > [22mdetects Γ¡É (star emoji)[32m 0[2mms[22m[39m
 [32mΓ£ô[39m test/unit/main/GearParser.ga.test.ts[2m > [22msanitizeGreaterAffix[2m > [22mshould detect GA markers[2m > [22mdetects "Greater" keyword[32m 0[2mms[22m[39m
 [32mΓ£ô[39m test/unit/main/GearParser.ga.test.ts[2m > [22msanitizeGreaterAffix[2m > [22mshould detect GA markers[2m > [22mdetects Γùå (black diamond)[32m 0[2mms[22m[39m
 [32mΓ£ô[39m test/unit/main/GearParser.ga.test.ts[2m > [22msanitizeGreaterAffix[2m > [22mshould detect GA markers[2m > [22mdetects Γ¥û (four diamond)[32m 0[2mms[22m[39m
 [32mΓ£ô[39m test/unit/main/GearParser.ga.test.ts[2m > [22msanitizeGreaterAffix[2m > [22mshould NOT detect GA on normal affixes[2m > [22mleaves normal additive affix unchanged[32m 0[2mms[22m[39m
 [32mΓ£ô[39m test/unit/main/GearParser.ga.test.ts[2m > [22msanitizeGreaterAffix[2m > [22mshould NOT detect GA on normal affixes[2m > [22mleaves normal percentage affix unchanged[32m 0[2mms[22m[39m
 [32mΓ£ô[39m test/unit/main/GearParser.ga.test.ts[2m > [22msanitizeGreaterAffix[2m > [22mshould NOT detect GA on normal affixes[2m > [22mleaves normal multiplicative affix unchanged[32m 0[2mms[22m[39m
 [32mΓ£ô[39m test/unit/main/GearParser.ga.test.ts[2m > [22msanitizeGreaterAffix[2m > [22mshould NOT detect GA on normal affixes[2m > [22mleaves bare percentage affix unchanged[32m 0[2mms[22m[39m
 [32mΓ£ô[39m test/unit/main/GearParser.ga.test.ts[2m > [22msanitizeGreaterAffix[2m > [22mshould collapse whitespace from removed characters[2m > [22mcollapses double spaces after removal[32m 0[2mms[22m[39m
 [32mΓ£ô[39m test/unit/models/D4Build.test.ts[2m > [22mD4Build[2m > [22mshould create a valid build with all required fields[32m 2[2mms[22m[39m
 [32mΓ£ô[39m test/unit/models/D4Build.test.ts[2m > [22mD4Build[2m > [22mshould reject an invalid source site[32m 1[2mms[22m[39m
 [32mΓ£ô[39m test/unit/models/D4Build.test.ts[2m > [22mD4Build[2m > [22mshould reject an invalid class[32m 0[2mms[22m[39m
 [32mΓ£ô[39m test/unit/models/D4Build.test.ts[2m > [22mD4Build[2m > [22mshould generate unique IDs for different builds[32m 0[2mms[22m[39m
 [32mΓ£ô[39m test/unit/models/D4Build.test.ts[2m > [22mD4Build[2m > [22mshould accept all valid class names[32m 0[2mms[22m[39m
 [32mΓ£ô[39m test/unit/main/StorageService.test.ts[2m > [22mStorageService[2m > [22mshould return all data paths relative to the base directory[32m 2[2mms[22m[39m
 [32mΓ£ô[39m test/unit/main/StorageService.test.ts[2m > [22mStorageService[2m > [22mshould never reference %APPDATA% or any system directory[32m 1[2mms[22m[39m
 [32mΓ£ô[39m test/unit/main/OcrService.test.ts[2m > [22mOcrService[2m > [22mparseOcrOutput[2m > [22mshould parse valid JSON output from WinOcr.exe[32m 2[2mms[22m[39m
 [32mΓ£ô[39m test/unit/main/OcrService.test.ts[2m > [22mOcrService[2m > [22mparseOcrOutput[2m > [22mshould parse words with bounding boxes[32m 0[2mms[22m[39m
 [32mΓ£ô[39m test/unit/main/OcrService.test.ts[2m > [22mOcrService[2m > [22mparseOcrOutput[2m > [22mshould handle missing fields gracefully[32m 0[2mms[22m[39m
 [32mΓ£ô[39m test/unit/main/OcrService.test.ts[2m > [22mOcrService[2m > [22mparseOcrOutput[2m > [22mshould throw on invalid JSON[32m 1[2mms[22m[39m
 [32mΓ£ô[39m test/unit/main/OcrService.test.ts[2m > [22mOcrService[2m > [22mparseOcrOutput[2m > [22mshould throw on empty output[32m 0[2mms[22m[39m
 [32mΓ£ô[39m test/unit/main/OcrService.test.ts[2m > [22mOcrService[2m > [22mparseOcrOutput[2m > [22mshould throw on whitespace-only output[32m 0[2mms[22m[39m
 [32mΓ£ô[39m test/unit/main/ScanRecordingStore.test.ts[2m > [22mScanRecordingStore[2m > [22mshould save and list recordings[32m 4[2mms[22m[39m
 [32mΓ£ô[39m test/unit/main/ScanRecordingStore.test.ts[2m > [22mScanRecordingStore[2m > [22mshould return empty array when no recordings exist[32m 2[2mms[22m[39m
 [32mΓ£ô[39m test/unit/main/GearParser.test.ts[2m > [22mGearParser[2m > [22mshould parse a basic unique helm tooltip[32m 4[2mms[22m[39m
 [32mΓ£ô[39m test/unit/main/GearParser.test.ts[2m > [22mGearParser[2m > [22mshould detect item type and slot from header lines[32m 1[2mms[22m[39m
 [32mΓ£ô[39m test/unit/main/GearParser.test.ts[2m > [22mGearParser[2m > [22mshould match Chest Armor before shorter slots[32m 0[2mms[22m[39m
 [32mΓ£ô[39m test/unit/main/GearParser.test.ts[2m > [22mGearParser[2m > [22mshould extract item power with various formats[32m 0[2mms[22m[39m
 [32mΓ£ô[39m test/unit/main/GearParser.test.ts[2m > [22mGearParser[2m > [22mshould exclude rarity keywords when extracting multi-line item names[32m 0[2mms[22m[39m
 [32mΓ£ô[39m test/unit/main/GearParser.test.ts[2m > [22mGearParser[2m > [22mshould return 0 sockets when none present[32m 0[2mms[22m[39m
 [32mΓ£ô[39m test/unit/main/GearParser.test.ts[2m > [22mGearParser[2m > [22mshould detect greater affixes with star marker[32m 1[2mms[22m[39m
 [32mΓ£ô[39m test/unit/main/GearParser.test.ts[2m > [22mGearParser[2m > [22mshould parse multiple affixes[32m 1[2mms[22m[39m
 [32mΓ£ô[39m test/unit/main/GearParser.test.ts[2m > [22mGearParser[2m > [22mshould handle socket count in parentheses[32m 0[2mms[22m[39m
 [32mΓ£ô[39m test/unit/main/GearParser.test.ts[2m > [22mGearParser[2m > [22mshould set rawText to joined lines[32m 0[2mms[22m[39m
 [32mΓ£ô[39m test/unit/main/GearParser.test.ts[2m > [22mGearParser[2m > [22mshould default to Unknown slot when not detected[32m 0[2mms[22m[39m
 [32mΓ£ô[39m test/unit/main/GearParser.test.ts[2m > [22mGearParser[2m > [22mshould extract aspect from "Imprinted:" lines[32m 0[2mms[22m[39m
 [32mΓ£ô[39m test/unit/main/GearParser.test.ts[2m > [22mGearParser[2m > [22mshould keep aspect null when no "Imprinted:" line is present[32m 0[2mms[22m[39m
 [32mΓ£ô[39m test/unit/main/GearParser.test.ts[2m > [22mGearParser[2m > [22mshould parse no-space OCR affixes like "+3FaithOnKi11"[32m 0[2mms[22m[39m
 [32mΓ£ô[39m test/unit/main/GearParser.test.ts[2m > [22mGearParser[2m > [22mshould find item power even when far from slot line[32m 0[2mms[22m[39m
 [32mΓ£ô[39m test/unit/main/GearParser.test.ts[2m > [22mGearParser[2m > [22mshould accumulate sockets from individual "Empty Socket" lines[32m 0[2mms[22m[39m
 [32mΓ£ô[39m test/unit/main/GearParser.test.ts[2m > [22mGearParser[2m > [22mshould strip garbage OCR prefix from "rial REVELATOR'S Doom GAUNTLETS"[32m 0[2mms[22m[39m
 [32mΓ£ô[39m test/unit/main/GearParser.test.ts[2m > [22mGearParser[2m > [22mshould strip "& Materials" UI noise from item name[32m 0[2mms[22m[39m
 [32mΓ£ô[39m test/unit/main/GearParser.test.ts[2m > [22mGearParser[2m > [22mshould strip "CHARACTE]" crop artifact from "FISTS OF FATE"[32m 0[2mms[22m[39m
 [32mΓ£ô[39m test/unit/main/GearParser.test.ts[2m > [22mGearParser[2m > [22mshould strip "iipc" and other garbage from multi-line name[32m 0[2mms[22m[39m
 [32mΓ£ô[39m test/unit/main/GearParser.test.ts[2m > [22mGearParser[2m > [22mshould produce clean name for "CHAR DAWN FIRE" ΓåÆ "DAWN FIRE"[32m 0[2mms[22m[39m
 [32mΓ£ô[39m test/unit/main/ScanHistoryStore.test.ts[2m > [22mScanHistoryStore[2m > [22mshould add a verdict and retrieve it[32m 2[2mms[22m[39m
 [32mΓ£ô[39m test/unit/main/ScanHistoryStore.test.ts[2m > [22mScanHistoryStore[2m > [22mshould return newest first[32m 0[2mms[22m[39m
 [32mΓ£ô[39m test/unit/main/ScanHistoryStore.test.ts[2m > [22mScanHistoryStore[2m > [22mshould clear all entries[32m 0[2mms[22m[39m
 [32mΓ£ô[39m test/unit/main/ScanHistoryStore.test.ts[2m > [22mScanHistoryStore[2m > [22mshould auto-prune entries older than 15 minutes[32m 0[2mms[22m[39m
 [32mΓ£ô[39m test/unit/main/ScanHistoryStore.test.ts[2m > [22mScanHistoryStore[2m > [22mshould return count of entries[32m 0[2mms[22m[39m
 [32mΓ£ô[39m test/unit/main/ScanHistoryStore.test.ts[2m > [22mScanHistoryStore[2m > [22mshould not affect other entries when adding[32m 0[2mms[22m[39m
[90mstderr[2m | test/unit/main/BuildRepository.test.ts[2m > [22m[2mBuildRepository[2m > [22m[2mlistAll skips corrupt JSON 
files
[22m[39mSkipping corrupt build file: bad.json

 [32mΓ£ô[39m test/unit/main/HotkeyService.test.ts[2m > [22mHotkeyService[2m > [22mshould return default hotkeys when no store is provided[32m 2[2mms[22m[39m
 [32mΓ£ô[39m test/unit/main/HotkeyService.test.ts[2m > [22mHotkeyService[2m > [22mshould allow changing a hotkey[32m 0[2mms[22m[39m
 [32mΓ£ô[39m test/unit/main/HotkeyService.test.ts[2m > [22mHotkeyService[2m > [22mshould return all hotkeys in a single object[32m 1[2mms[22m[39m
 [32mΓ£ô[39m test/unit/main/HotkeyService.test.ts[2m > [22mHotkeyService[2m > [22mshould persist overrides to the store[32m 0[2mms[22m[39m
 [32mΓ£ô[39m test/unit/main/HotkeyService.test.ts[2m > [22mHotkeyService[2m > [22mshould reset all overrides to factory defaults[32m 0[2mms[22m[39m
 [32mΓ£ô[39m test/unit/main/HotkeyService.test.ts[2m > [22mHotkeyService[2m > [22mshould expose factory defaults via static method[32m 0[2mms[22m[39m
 [32mΓ£ô[39m test/unit/main/BuildRepository.test.ts[2m > [22mBuildRepository[2m > [22msaves a build to disk and returns SavedBuild with id[32m 3[2mms[22m[39m
 [32mΓ£ô[39m test/unit/main/BuildRepository.test.ts[2m > [22mBuildRepository[2m > [22mlistAll returns saved builds sorted newest first[32m 9[2mms[22m[39m
 [32mΓ£ô[39m test/unit/main/BuildRepository.test.ts[2m > [22mBuildRepository[2m > [22mload returns a build by ID[32m 2[2mms[22m[39m
 [32mΓ£ô[39m test/unit/main/BuildRepository.test.ts[2m > [22mBuildRepository[2m > [22mload returns null for unknown ID[32m 1[2mms[22m[39m
 [32mΓ£ô[39m test/unit/main/BuildRepository.test.ts[2m > [22mBuildRepository[2m > [22mdelete removes a build from disk[32m 2[2mms[22m[39m
 [32mΓ£ô[39m test/unit/main/BuildRepository.test.ts[2m > [22mBuildRepository[2m > [22mdelete returns false for unknown ID[32m 1[2mms[22m[39m
 [32mΓ£ô[39m test/unit/main/BuildRepository.test.ts[2m > [22mBuildRepository[2m > [22mlistAll returns empty array for empty directory[32m 2[2mms[22m[39m
 [32mΓ£ô[39m test/unit/main/BuildRepository.test.ts[2m > [22mBuildRepository[2m > [22mlistAll skips corrupt JSON files[32m 4[2mms[22m[39m
 [32mΓ£ô[39m test/unit/shared/AffixMatcher.test.ts[2m > [22mAffixMatcher[2m > [22mshould match normal affix strings[32m 2[2mms[22m[39m
 [32mΓ£ô[39m test/unit/shared/AffixMatcher.test.ts[2m > [22mAffixMatcher[2m > [22mshould NOT match completely different affixes[32m 0[2mms[22m[39m
 [32mΓ£ô[39m test/unit/shared/AffixMatcher.test.ts[2m > [22mAffixMatcher[2m > [22mshould match OCR-merged "AllStats" against build "All Stats"[32m 0[2mms[22m[39m
 [32mΓ£ô[39m test/unit/shared/AffixMatcher.test.ts[2m > [22mAffixMatcher[2m > [22mshould match with extra whitespace in OCR[32m 0[2mms[22m[39m
 [32mΓ£ô[39m test/unit/shared/AffixComparer.test.ts[2m > [22mAffixComparer[2m > [22mLayer 1: Exact canonical match[2m > [22mshould match identical stat names[32m 1[2mms[22m[39m
 [32mΓ£ô[39m test/unit/shared/AffixComparer.test.ts[2m > [22mAffixComparer[2m > [22mLayer 2: Alias match[2m > [22mshould match alias to canonical name[32m 0[2mms[22m[39m
 [32mΓ£ô[39m test/unit/shared/AffixComparer.test.ts[2m > [22mAffixComparer[2m > [22mLayer 2: Alias match[2m > [22mshould match CDR abbreviation[32m 0[2mms[22m[39m
 [32mΓ£ô[39m test/unit/shared/AffixComparer.test.ts[2m > [22mAffixComparer[2m > [22mLayer 3: Token overlap match[2m > [22mshould match when tokens overlap ΓëÑ80%[32m 0[2mms[22m[39m
 [32mΓ£ô[39m test/unit/shared/AffixComparer.test.ts[2m > [22mAffixComparer[2m > [22mLayer 3: Token overlap match[2m > [22mshould NOT match single-token overlap (guard: min 2 tokens)[32m 0[2mms[22m[39m
 [32mΓ£ô[39m test/unit/shared/AffixComparer.test.ts[2m > [22mAffixComparer[2m > [22mTrue negatives[2m > [22mshould NOT match completely different stats[32m 0[2mms[22m[39m
 [32mΓ£ô[39m test/unit/shared/AffixComparer.test.ts[2m > [22mAffixComparer[2m > [22mEdge cases[2m > [22mshould handle empty strings[32m 0[2mms[22m[39m
 [32mΓ£ô[39m test/unit/shared/AffixComparer.test.ts[2m > [22mAffixComparer[2m > [22mEdge cases[2m > [22mshould match OCR-merged AllStats[32m 0[2mms[22m[39m
 [32mΓ£ô[39m test/unit/shared/AffixComparer.test.ts[2m > [22mAffixComparer[2m > [22mEdge cases[2m > [22mshould provide a reason string[32m 0[2mms[22m[39m
 [32mΓ£ô[39m test/unit/shared/AffixCanon.test.ts[2m > [22mAffixCanon[2m > [22mresolveCanonicalName[2m > [22mshould resolve exact canonical name[32m 1[2mms[22m[39m
 [32mΓ£ô[39m test/unit/shared/AffixCanon.test.ts[2m > [22mAffixCanon[2m > [22mresolveCanonicalName[2m > [22mshould resolve lowercase alias[32m 0[2mms[22m[39m
 [32mΓ£ô[39m test/unit/shared/AffixCanon.test.ts[2m > [22mAffixCanon[2m > [22mresolveCanonicalName[2m > [22mshould resolve abbreviation[32m 0[2mms[22m[39m
 [32mΓ£ô[39m test/unit/shared/AffixCanon.test.ts[2m > [22mAffixCanon[2m > [22mresolveCanonicalName[2m > [22mshould resolve OCR-merged words[32m 0[2mms[22m[39m
 [32mΓ£ô[39m test/unit/shared/AffixCanon.test.ts[2m > [22mAffixCanon[2m > [22mresolveCanonicalName[2m > [22mshould return null for unknown affix[32m 0[2mms[22m[39m
 [32mΓ£ô[39m test/unit/shared/AffixCanon.test.ts[2m > [22mAffixCanon[2m > [22mresolveCanonicalName[2m > [22mshould be case-insensitive[32m 0[2mms[22m[39m
 [32mΓ£ô[39m test/unit/shared/AffixCanon.test.ts[2m > [22mAffixCanon[2m > [22mgetAllCanonicalNames[2m > [22mshould return a non-empty array of unique names[32m 0[2mms[22m[39m
 [32mΓ£ô[39m test/unit/shared/AffixCanon.test.ts[2m > [22mAffixCanon[2m > [22malias table integrity[2m > [22mevery canonical name should be resolvable to itself[32m 1[2mms[22m[39m
 [32mΓ£ô[39m test/unit/shared/BuildAnalyzer.test.ts[2m > [22mBuildAnalyzer[2m > [22mshould compute 100% overall when all slots are perfect[32m 4[2mms[22m[39m
 [32mΓ£ô[39m test/unit/shared/BuildAnalyzer.test.ts[2m > [22mBuildAnalyzer[2m > [22mshould rank weakest slots first in breakdown[32m 1[2mms[22m[39m
 [32mΓ£ô[39m test/unit/shared/BuildAnalyzer.test.ts[2m > [22mBuildAnalyzer[2m > [22mshould sort globalActionQueue by priority descending[32m 0[2mms[22m[39m
 [32mΓ£ô[39m test/unit/shared/BuildAnalyzer.test.ts[2m > [22mBuildAnalyzer[2m > [22mshould handle empty equipped gear[32m 0[2mms[22m[39m
 [32mΓ£ô[39m test/unit/shared/BuildAnalyzer.test.ts[2m > [22mBuildAnalyzer[2m > [22mshould include slot name in globalActionQueue entries[32m 0[2mms[22m[39m
 [32mΓ£ô[39m test/unit/shared/BuildAnalyzer.test.ts[2m > [22mBuildAnalyzer[2m > [22mshould set verdict to EMPTY for unscanned slots[32m 0[2mms[22m[39m
 [32mΓ£ô[39m test/unit/shared/ScanReplayRunner.test.ts[2m > [22mScanReplayRunner[2m > [22mshould replay a recording and produce a ReplayResult[32m 3[2mms[22m[39m
 [32mΓ£ô[39m test/unit/shared/ScanReplayRunner.test.ts[2m > [22mScanReplayRunner[2m > [22mshould detect diffs when pipeline behavior changes[32m 1[2mms[22m[39m
 [32mΓ£ô[39m test/unit/shared/AffixNormalizer.test.ts[2m > [22mAffixNormalizer[2m > [22mnumeric value extraction[2m > [22mshould extract integer value from additive affix[32m 2[2mms[22m[39m
 [32mΓ£ô[39m test/unit/shared/AffixNormalizer.test.ts[2m > [22mAffixNormalizer[2m > [22mnumeric value extraction[2m > [22mshould extract percentage value[32m 0[2mms[22m[39m
 [32mΓ£ô[39m test/unit/shared/AffixNormalizer.test.ts[2m > [22mAffixNormalizer[2m > [22mnumeric value extraction[2m > [22mshould handle bare percentage prefix[32m 0[2mms[22m[39m
 [32mΓ£ô[39m test/unit/shared/AffixNormalizer.test.ts[2m > [22mAffixNormalizer[2m > [22mnumeric value extraction[2m > [22mshould handle multiplicative prefix[32m 0[2mms[22m[39m
 [32mΓ£ô[39m test/unit/shared/AffixNormalizer.test.ts[2m > [22mAffixNormalizer[2m > [22mrange extraction[2m > [22mshould extract trailing range brackets[32m 0[2mms[22m[39m
 [32mΓ£ô[39m test/unit/shared/AffixNormalizer.test.ts[2m > [22mAffixNormalizer[2m > [22mrange extraction[2m > [22mshould extract leading range brackets (build format)[32m 0[2mms[22m[39m
 [32mΓ£ô[39m test/unit/shared/AffixNormalizer.test.ts[2m > [22mAffixNormalizer[2m > [22mrange extraction[2m > [22mshould handle truncated range from OCR[32m 0[2mms[22m[39m
 [32mΓ£ô[39m test/unit/shared/AffixNormalizer.test.ts[2m > [22mAffixNormalizer[2m > [22mcanonical name resolution[2m > [22mshould resolve exact name[32m 0[2mms[22m[39m
 [32mΓ£ô[39m test/unit/shared/AffixNormalizer.test.ts[2m > [22mAffixNormalizer[2m > [22mcanonical name resolution[2m > [22mshould resolve via alias[32m 0[2mms[22m[39m
 [32mΓ£ô[39m test/unit/shared/AffixNormalizer.test.ts[2m > [22mAffixNormalizer[2m > [22mcanonical name resolution[2m > [22mshould resolve OCR-merged words[32m 0[2mms[22m[39m
 [32mΓ£ô[39m test/unit/shared/AffixNormalizer.test.ts[2m > [22mAffixNormalizer[2m > [22mcanonical name resolution[2m > [22mshould resolve build-format affixes with leading ranges[32m 0[2mms[22m[39m
 [32mΓ£ô[39m test/unit/shared/AffixNormalizer.test.ts[2m > [22mAffixNormalizer[2m > [22mcanonical name resolution[2m > [22mshould resolve percentage build affixes[32m 0[2mms[22m[39m
 [32mΓ£ô[39m test/unit/shared/AffixNormalizer.test.ts[2m > [22mAffixNormalizer[2m > [22mcanonical name resolution[2m > [22mshould mark unresolvable affixes[32m 1[2mms[22m[39m
 [32mΓ£ô[39m test/unit/shared/AffixNormalizer.test.ts[2m > [22mAffixNormalizer[2m > [22mraw preservation[2m > [22mshould preserve the original raw string[32m 0[2mms[22m[39m
 [32mΓ£ô[39m test/unit/scrapers/BuildImportService.test.ts[2m > [22mBuildImportService URL routing[2m > [22mshould detect d4builds.gg URLs[32m 2[2mms[22m[39m
 [32mΓ£ô[39m test/unit/scrapers/BuildImportService.test.ts[2m > [22mBuildImportService URL routing[2m > [22mshould throw on unsupported URLs[32m 1[2mms[22m[39m
 [32mΓ£ô[39m test/unit/scrapers/BuildImportService.test.ts[2m > [22mBuildImportService URL routing[2m > [22mshould handle URLs with extra whitespace[32m 0[2mms[22m[39m
 [32mΓ£ô[39m test/unit/scrapers/BuildImportService.test.ts[2m > [22mBuildImportService URL routing[2m > [22mshould throw a helpful message listing supported sites[32m 0[2mms[22m[39m
 [32mΓ£ô[39m test/unit/main/GearComparer.test.ts[2m > [22mGearComparer[2m > [22mbuild match scoring[2m > [22mshould calculate build match count correctly[32m 4[2mms[22m[39m
 [32mΓ£ô[39m test/unit/main/GearComparer.test.ts[2m > [22mGearComparer[2m > [22mbuild match scoring[2m > [22mshould identify extra affixes not required by build[32m 1[2mms[22m[39m
 [32mΓ£ô[39m test/unit/main/GearComparer.test.ts[2m > [22mGearComparer[2m > [22mbuild match scoring[2m > [22mshould return 100% match when all affixes present[32m 0[2mms[22m[39m
 [32mΓ£ô[39m test/unit/main/GearComparer.test.ts[2m > [22mGearComparer[2m > [22mbuild match scoring[2m > [22mshould use fuzzy substring matching for affix names[32m 0[2mms[22m[39m
 [32mΓ£ô[39m test/unit/main/GearComparer.test.ts[2m > [22mGearComparer[2m > [22mverdict thresholds[2m > [22mshould return PERFECT at 100% match[32m 0[2mms[22m[39m
 [32mΓ£ô[39m test/unit/main/GearComparer.test.ts[2m > [22mGearComparer[2m > [22mverdict thresholds[2m > [22mshould return UPGRADE at 90%+ match[32m 1[2mms[22m[39m
 [32mΓ£ô[39m test/unit/main/GearComparer.test.ts[2m > [22mGearComparer[2m > [22mverdict thresholds[2m > [22mshould return SIDEGRADE at 60-89% match[32m 0[2mms[22m[39m
 [32mΓ£ô[39m test/unit/main/GearComparer.test.ts[2m > [22mGearComparer[2m > [22mverdict thresholds[2m > [22mshould return DOWNGRADE below 60% match[32m 0[2mms[22m[39m
 [32mΓ£ô[39m test/unit/main/GearComparer.test.ts[2m > [22mGearComparer[2m > [22msocket handling[2m > [22mshould flag missing sockets[32m 0[2mms[22m[39m
 [32mΓ£ô[39m test/unit/main/GearComparer.test.ts[2m > [22mGearComparer[2m > [22msocket handling[2m > [22mshould not recommend sockets when count matches[32m 0[2mms[22m[39m
 [32mΓ£ô[39m test/unit/main/GearComparer.test.ts[2m > [22mGearComparer[2m > [22msocket handling[2m > [22mshould handle builds with no socket requirements[32m 0[2mms[22m[39m
 [31m├ù[39m test/unit/main/GearComparer.test.ts[2m > [22mGearComparer[2m > [22menchant recommendations[2m > [22mshould recommend enchanting when 1 affix is expendable[32m 4[2mms[22m[39m
[31m   ΓåÆ expected 'Thorns' to be '+100 Thorns' // Object.is equality[39m
 [32mΓ£ô[39m test/unit/main/GearComparer.test.ts[2m > [22mGearComparer[2m > [22menchant recommendations[2m > [22mshould never recommend rerolling a greater affix[32m 0[2mms[22m[39m
 [32mΓ£ô[39m test/unit/main/GearComparer.test.ts[2m > [22mGearComparer[2m > [22menchant recommendations[2m > [22mshould not recommend enchanting when all affixes match build[32m 0[2mms[22m[39m
 [32mΓ£ô[39m test/unit/main/GearComparer.test.ts[2m > [22mGearComparer[2m > [22menchant recommendations[2m > [22mshould suggest the most impactful missing affix for enchanting[32m 0[2mms[22m[39m
 [32mΓ£ô[39m test/unit/main/GearComparer.test.ts[2m > [22mGearComparer[2m > [22mgreater affix tracking[2m > [22mshould count greater affixes[32m 0[2mms[22m[39m
 [32mΓ£ô[39m test/unit/main/GearComparer.test.ts[2m > [22mGearComparer[2m > [22mtemper recommendations[2m > [22mshould recommend tempering when tempered affix slots are available[32m 0[2mms[22m[39m
 [32mΓ£ô[39m test/unit/main/GearComparer.test.ts[2m > [22mGearComparer[2m > [22mtemper recommendations[2m > [22mshould not recommend tempering when all tempered slots are filled[32m 0[2mms[22m[39m
 [32mΓ£ô[39m test/unit/main/GearComparer.test.ts[2m > [22mGearComparer[2m > [22mtemper recommendations[2m > [22mshould not recommend tempering when build tempered stat is already in regular affixes (OCR cannot distinguish)[32m 0[2mms[22m[39m
 [32mΓ£ô[39m test/unit/main/GearComparer.test.ts[2m > [22mGearComparer[2m > [22mscannedItem passthrough[2m > [22mshould include the original scanned item in the verdict[32m 0[2mms[22m[39m
 [32mΓ£ô[39m test/unit/main/GearComparer.test.ts[2m > [22mGearComparer[2m > [22munified affix pool scoring[2m > [22mshould count tempered affix in build as matched when item has it in regular affixes[32m 0[2mms[22m[39m
 [32mΓ£ô[39m test/unit/main/GearComparer.test.ts[2m > [22mGearComparer[2m > [22munified affix pool scoring[2m > [22mshould count greater affix in build toward buildTotalExpected[32m 0[2mms[22m[39m
 [32mΓ£ô[39m test/unit/main/GearComparer.test.ts[2m > [22mGearComparer[2m > [22munified affix pool scoring[2m > [22mshould match when scanned tempered affix satisfies build tempered affix requirement[32m 0[2mms[22m[39m
 [32mΓ£ô[39m test/unit/main/GearComparer.test.ts[2m > [22mGearComparer[2m > [22maspect comparison[2m > [22mshould return hasMatch: true when scanned item aspect matches build required aspect[32m 0[2mms[22m[39m
 [32mΓ£ô[39m test/unit/main/GearComparer.test.ts[2m > [22mGearComparer[2m > [22maspect comparison[2m > [22mshould return hasMatch: false when scanned item has no aspect but build requires one[32m 1[2mms[22m[39m
 [32mΓ£ô[39m test/unit/main/GearComparer.test.ts[2m > [22mGearComparer[2m > [22maspect comparison[2m > [22mshould generate an aspect recommendation when aspect is missing[32m 1[2mms[22m[39m
 [32mΓ£ô[39m test/unit/main/GearComparer.test.ts[2m > [22mGearComparer[2m > [22maspect comparison[2m > [22mshould return aspectComparison: null when build has no required aspect[32m 0[2mms[22m[39m
 [32mΓ£ô[39m test/unit/shared/PerfectibilityEngine.test.ts[2m > [22mPerfectibilityEngine[2m > [22mStep 0: Power Check[2m > [22mshould NOT_PERFECTIBLE item with insufficient item power[32m 2[2mms[22m[39m
 [32mΓ£ô[39m test/unit/shared/PerfectibilityEngine.test.ts[2m > [22mPerfectibilityEngine[2m > [22mStep 0: Power Check[2m > [22mshould pass item with exactly sufficient item power[32m 0[2mms[22m[39m
 [32mΓ£ô[39m test/unit/shared/PerfectibilityEngine.test.ts[2m > [22mPerfectibilityEngine[2m > [22mStep 0: Power Check[2m > [22mshould pass item if slot has no minItemPower requirement[32m 0[2mms[22m[39m
 [32mΓ£ô[39m test/unit/shared/PerfectibilityEngine.test.ts[2m > [22mPerfectibilityEngine[2m > [22mStep 1: Bloodied Check[2m > [22mshould JUNK item missing Bloodied when build requires rampageEffect[32m 0[2mms[22m[39m
 [32mΓ£ô[39m test/unit/shared/PerfectibilityEngine.test.ts[2m > [22mPerfectibilityEngine[2m > [22mStep 1: Bloodied Check[2m > [22mshould PASS Bloodied when item name contains Bloodied[32m 0[2mms[22m[39m
 [32mΓ£ô[39m test/unit/shared/PerfectibilityEngine.test.ts[2m > [22mPerfectibilityEngine[2m > [22mStep 1: Bloodied Check[2m > [22mshould SKIP Bloodied when build has no killstreak requirement[32m 0[2mms[22m[39m
 [32mΓ£ô[39m test/unit/shared/PerfectibilityEngine.test.ts[2m > [22mPerfectibilityEngine[2m > [22mStep 1.5: Implicits Check[2m > [22mshould NOT_PERFECTIBLE instantly if a required implicit is missing[32m 1[2mms[22m[39m
 [32mΓ£ô[39m test/unit/shared/PerfectibilityEngine.test.ts[2m > [22mPerfectibilityEngine[2m > [22mStep 1.5: Implicits Check[2m > [22mshould PASS if all required implicits are present[32m 1[2mms[22m[39m
 [32mΓ£ô[39m test/unit/shared/PerfectibilityEngine.test.ts[2m > [22mPerfectibilityEngine[2m > [22mStep 2: Base Affix Foundation (2/3 Rule)[2m > [22mshould mark PERFECTIBLE when 3/3 base affixes match[32m 1[2mms[22m[39m
 [32mΓ£ô[39m test/unit/shared/PerfectibilityEngine.test.ts[2m > [22mPerfectibilityEngine[2m > [22mStep 2: Base Affix Foundation (2/3 Rule)[2m > [22mshould mark rerollable when 2/3 base affixes match[32m 1[2mms[22m[39m
 [32mΓ£ô[39m test/unit/shared/PerfectibilityEngine.test.ts[2m > [22mPerfectibilityEngine[2m > [22mStep 2: Base Affix Foundation (2/3 Rule)[2m > [22mshould JUNK when only 1/3 base affixes match[32m 2[2mms[22m[39m
 [32mΓ£ô[39m test/unit/shared/PerfectibilityEngine.test.ts[2m > [22mPerfectibilityEngine[2m > [22mStep 2: Base Affix Foundation (2/3 Rule)[2m > [22mshould be RISKY if rolled stats are beneath minValue thresholds[32m 0[2mms[22m[39m
 [31m├ù[39m test/unit/shared/PerfectibilityEngine.test.ts[2m > [22mPerfectibilityEngine[2m > [22mStep 3: Greater Affix Check[2m > [22mshould flag missing expected GA as not perfectible[32m 6[2mms[22m[39m
[31m   ΓåÆ expected true to be false // Object.is equality[39m
 [32mΓ£ô[39m test/unit/shared/PerfectibilityEngine.test.ts[2m > [22mPerfectibilityEngine[2m > [22mStep 4: Tempering Forecast[2m > [22mshould list missing tempered affixes[32m 0[2mms[22m[39m
 [32mΓ£ô[39m test/unit/shared/PerfectibilityEngine.test.ts[2m > [22mPerfectibilityEngine[2m > [22mStep 4: Tempering Forecast[2m > [22mshould pass when all tempers already present[32m 0[2mms[22m[39m
 [32mΓ£ô[39m test/unit/shared/PerfectibilityEngine.test.ts[2m > [22mPerfectibilityEngine[2m > [22mOverall Verdict[2m > [22mshould be PERFECTIBLE when all steps pass including tempering[32m 0[2mms[22m[39m
 [32mΓ£ô[39m test/unit/shared/PerfectibilityEngine.test.ts[2m > [22mPerfectibilityEngine[2m > [22mOverall Verdict[2m > [22mshould be RISKY when base passes but tempering still needed[32m 0[2mms[22m[39m
 [32mΓ£ô[39m test/unit/scrapers/D4BuildsScraper.test.ts[2m > [22mD4BuildsScraper[2m > [22mshould have the correct site name and source key[32m 1[2mms[22m[39m
 [32mΓ£ô[39m test/unit/scrapers/D4BuildsScraper.test.ts[2m > [22mD4BuildsScraper[2m > [22mshould handle d4builds.gg URLs[32m 0[2mms[22m[39m
 [32mΓ£ô[39m test/unit/scrapers/D4BuildsScraper.test.ts[2m > [22mD4BuildsScraper[2m > [22mshould scrape basic metadata[33m 1856[2mms[22m[39m
 [32mΓ£ô[39m test/unit/scrapers/D4BuildsScraper.test.ts[2m > [22mD4BuildsScraper[2m > [22mshould extract skill tree allocations[33m 1850[2mms[22m[39m
 [32mΓ£ô[39m test/unit/scrapers/D4BuildsScraper.test.ts[2m > [22mD4BuildsScraper[2m > [22mshould extract paragon boards[33m 1849[2mms[22m[39m
 [32mΓ£ô[39m test/unit/scrapers/D4BuildsScraper.test.ts[2m > [22mD4BuildsScraper[2m > [22mshould extract gear slots[33m 1835[2mms[22m[39m
 [32mΓ£ô[39m test/unit/scrapers/D4BuildsScraper.test.ts[2m > [22mD4BuildsScraper[2m > [22mshould NOT duplicate greater affixes into regular affixes[33m 1825[2mms[22m[39m

[31mΓÄ»ΓÄ»ΓÄ»ΓÄ»ΓÄ»ΓÄ»ΓÄ»[39m[1m[41m Failed Tests 2 [49m[22m[31mΓÄ»ΓÄ»ΓÄ»ΓÄ»ΓÄ»ΓÄ»ΓÄ»[39m

[41m[1m FAIL [22m[49m test/unit/main/GearComparer.test.ts[2m > [22mGearComparer[2m > [22menchant recommendations[2m > 
[22mshould recommend enchanting when 1 affix is expendable
[31m[1mAssertionError[22m: expected 'Thorns' to be '+100 Thorns' // Object.is equality[39m

Expected: [32m"[7m+100 [27mThorns"[39m
Received: [31m"Thorns"[39m

[36m [2mΓ¥»[22m test/unit/main/GearComparer.test.ts:[2m180:39[22m[39m
    [90m178|[39m       const enchantRec = verdict.recommendations.find((r) => r.action ΓÇª
    [90m179|[39m       [34mexpect[39m(enchantRec)[33m.[39m[34mtoBeDefined[39m()
    [90m180|[39m       [34mexpect[39m(enchantRec[33m![39m[33m.[39mremoveAffix)[33m.[39m[34mtoBe[39m([32m'+100 
Thorns'[39m)
    [90m   |[39m                                       [31m^[39m
    [90m181|[39m     })
    [90m182|[39m

[31m[2mΓÄ»ΓÄ»ΓÄ»ΓÄ»ΓÄ»ΓÄ»ΓÄ»ΓÄ»ΓÄ»ΓÄ»ΓÄ»ΓÄ»ΓÄ»ΓÄ»ΓÄ»ΓÄ»ΓÄ»ΓÄ»ΓÄ»ΓÄ»ΓÄ»ΓÄ»ΓÄ»ΓÄ»[1/2]ΓÄ»[22m[39m

[41m[1m FAIL [22m[49m test/unit/shared/PerfectibilityEngine.test.ts[2m > [22mPerfectibilityEngine[2m > [22mStep 3: Greater 
Affix Check[2m > [22mshould flag missing expected GA as not perfectible
[31m[1mAssertionError[22m: expected true to be false // Object.is equality[39m

[32m- Expected[39m
[31m+ Received[39m

[32m- false[39m
[31m+ true[39m

[36m [2mΓ¥»[22m test/unit/shared/PerfectibilityEngine.test.ts:[2m201:50[22m[39m
    [90m199|[39m       })
    [90m200|[39m       [35mconst[39m result [33m=[39m [34mevaluatePerfectibility[39m(item[33m,[39m slot)
    [90m201|[39m       
[34mexpect[39m(result[33m.[39msteps[33m.[39mgreaterAffixes[33m.[39mpassed)[33m.[39m[34mtoBe[39m([35mfalse[39m)
    [90m   |[39m                                                  [31m^[39m
    [90m202|[39m       expect(result.steps.greaterAffixes.missingGA).toContain('Crit ChΓÇª
    [90m203|[39m     })

[31m[2mΓÄ»ΓÄ»ΓÄ»ΓÄ»ΓÄ»ΓÄ»ΓÄ»ΓÄ»ΓÄ»ΓÄ»ΓÄ»ΓÄ»ΓÄ»ΓÄ»ΓÄ»ΓÄ»ΓÄ»ΓÄ»ΓÄ»ΓÄ»ΓÄ»ΓÄ»ΓÄ»ΓÄ»[2/2]ΓÄ»[22m[39m


[2m Test Files [22m [1m[31m2 failed[39m[22m[2m | [22m[1m[32m18 passed[39m[22m[90m (20)[39m
[2m      Tests [22m [1m[31m2 failed[39m[22m[2m | [22m[1m[32m178 passed[39m[22m[90m (180)[39m
[2m   Start at [22m 19:57:05
[2m   Duration [22m 11.43s[2m (transform 1.80s, setup 0ms, import 2.80s, tests 9.36s, environment 35.44s)[22m

